// Jest Snapshot v1, https://goo.gl/fbAQLP

exports[`XDateText.vue the entire template snapshot 1`] = `"<div class=\\"x-date-text d-flex align-center\\"><i aria-hidden=\\"true\\" class=\\"v-icon notranslate mr-1 mdi mdi-calendar-text theme--light\\" style=\\"font-size: 12px;\\"></i> <span> 2020-06-24</span></div>"`;
