// Jest Snapshot v1, https://goo.gl/fbAQLP

exports[`XDomainText.vue the entire template snapshot 1`] = `"<div class=\\"x-domain-text d-flex align-center\\"><i aria-hidden=\\"true\\" class=\\"v-icon notranslate mr-1 mdi mdi-domain theme--light\\" style=\\"font-size: 12px;\\"></i> <span>test.com</span></div>"`;
